MSBuild version 17.14.23+b0019275e for .NET Framework

  Compiling CUDA source file ..\..\resources\models\GRIM-text\grim_transformer_gpu.cu...
  
  D:\G.R.I.M\out\build>"C:\Program Files\NVIDIA GPU Computing Toolkit\CUDA\v12.5\bin\nvcc.exe"  --use-local-env -ccbin "C:\Program Files\Microsoft Visual Studio\2022\Community\VC\Tools\MSVC\14.44.35207\bin\HostX64\x64" -x cu -rdc=true  -ID:\G.R.I.M -ID:\G.R.I.M\core -ID:\G.R.I.M\ai -ID:\G.R.I.M\commands -ID:\G.R.I.M\voice -ID:\G.R.I.M\wake -ID:\G.R.I.M\memory -ID:\G.R.I.M\nlp -ID:\G.R.I.M\ui -ID:\G.R.I.M\helpers -ID:\G.R.I.M\bootstrap -ID:\G.R.I.M\device_setups -ID:\G.R.I.M\popup_ui -ID:\G.R.I.M\external_collector -ID:\G.R.I.M\perception -ID:\G.R.I.M\vision -ID:\G.R.I.M\deps\include -ID:\G.R.I.M\external\porcupine\include -I"D:\G.R.I.M\vcpkg_installed\x64-windows\include" -I"D:\G.R.I.M\vcpkg_installed\x64-windows\include\opencv4" -I"C:\Program Files\NVIDIA GPU Computing Toolkit\CUDA\v12.5\include"     --keep-dir GRIM\x64\Release  -maxrregcount=0   --machine 64 --compile -cudart static --allow-unsupported-compiler -Wno-deprecated-gpu-targets -std=c++17 --generate-code=arch=compute_86,code=[compute_86,sm_86] /Zc:__cplusplus /Zc:preprocessor -Xcompiler="/EHsc -FS /wd9025 -Ob2"   -D_WINDOWS -DNDEBUG -DCMAKE_INTDIR=Release -DGRIM_BUILD_HOST -DNOMINMAX -DWIN32_LEAN_AND_MEAN -DBX_CONFIG_DEBUG=0 -D"GRIM_ROOT_DIR=\"D:/G.R.I.M\"" -D_DISABLE_CMAKE_INTDIR_DEFS -DWHISPER_USE_CUDA -DGGML_CUDA_ARCH=86 -DH5_BUILT_AS_DYNAMIC_LIB -DGRIM_HAS_OPENCV -DGRIM_HAS_TESSERACT -DGRIM_HAS_ONNXRUNTIME -DGRIM_HAS_PERCEPTION -DTESS_IMPORTS -DUWS_NO_ZLIB -D"CMAKE_INTDIR=\"Release\"" -DGRIM_EXPORTS -DGRIM_BUILD_HOST -D_MBCS -DWIN32 -D_WINDOWS -DNDEBUG -DGRIM_BUILD_HOST -DNOMINMAX -DWIN32_LEAN_AND_MEAN -DBX_CONFIG_DEBUG=0 -D"GRIM_ROOT_DIR=\"D:/G.R.I.M\"" -DWHISPER_USE_CUDA -DGGML_CUDA_ARCH=86 -DH5_BUILT_AS_DYNAMIC_LIB -DGRIM_HAS_OPENCV -DGRIM_HAS_TESSERACT -DGRIM_HAS_ONNXRUNTIME -DGRIM_HAS_PERCEPTION -DTESS_IMPORTS -DUWS_NO_ZLIB -D"CMAKE_INTDIR=\"Release\"" -DGRIM_EXPORTS -Xcompiler "/EHsc /W1 /nologo /O2 /FS   /MD " -Xcompiler "/FdGRIM.dir\Release\vc143.pdb" -o GRIM.dir\Release\grim_transformer_gpu.obj "D:\G.R.I.M\resources\models\GRIM-text\grim_transformer_gpu.cu" 
  nvcc fatal   : A single input file is required for a non-link phase when an outputfile is specified
C:\Program Files\Microsoft Visual Studio\2022\Community\MSBuild\Microsoft\VC\v170\BuildCustomizations\CUDA 12.5.targets(799,9): error MSB3721: The command ""C:\Program Files\NVIDIA GPU Computing Toolkit\CUDA\v12.5\bin\nvcc.exe"  --use-local-env -ccbin "C:\Program Files\Microsoft Visual Studio\2022\Community\VC\Tools\MSVC\14.44.35207\bin\HostX64\x64" -x cu -rdc=true  -ID:\G.R.I.M -ID:\G.R.I.M\core -ID:\G.R.I.M\ai -ID:\G.R.I.M\commands -ID:\G.R.I.M\voice -ID:\G.R.I.M\wake -ID:\G.R.I.M\memory -ID:\G.R.I.M\nlp -ID:\G.R.I.M\ui -ID:\G.R.I.M\helpers -ID:\G.R.I.M\bootstrap -ID:\G.R.I.M\device_setups -ID:\G.R.I.M\popup_ui -ID:\G.R.I.M\external_collector -ID:\G.R.I.M\perception -ID:\G.R.I.M\vision -ID:\G.R.I.M\deps\include -ID:\G.R.I.M\external\porcupine\include -I"D:\G.R.I.M\vcpkg_installed\x64-windows\include" -I"D:\G.R.I.M\vcpkg_installed\x64-windows\include\opencv4" -I"C:\Program Files\NVIDIA GPU Computing Toolkit\CUDA\v12.5\include"     --keep-dir GRIM\x64\Release  -maxrregcount=0   --machine 64 --compile -cudart static --allow-unsupported-compiler -Wno-deprecated-gpu-targets -std=c++17 --generate-code=arch=compute_86,code=[compute_86,sm_86] /Zc:__cplusplus /Zc:preprocessor -Xcompiler="/EHsc -FS /wd9025 -Ob2"   -D_WINDOWS -DNDEBUG -DCMAKE_INTDIR=Release -DGRIM_BUILD_HOST -DNOMINMAX -DWIN32_LEAN_AND_MEAN -DBX_CONFIG_DEBUG=0 -D"GRIM_ROOT_DIR=\"D:/G.R.I.M\"" -D_DISABLE_CMAKE_INTDIR_DEFS -DWHISPER_USE_CUDA -DGGML_CUDA_ARCH=86 -DH5_BUILT_AS_DYNAMIC_LIB -DGRIM_HAS_OPENCV -DGRIM_HAS_TESSERACT -DGRIM_HAS_ONNXRUNTIME -DGRIM_HAS_PERCEPTION -DTESS_IMPORTS -DUWS_NO_ZLIB -D"CMAKE_INTDIR=\"Release\"" -DGRIM_EXPORTS -DGRIM_BUILD_HOST -D_MBCS -DWIN32 -D_WINDOWS -DNDEBUG -DGRIM_BUILD_HOST -DNOMINMAX -DWIN32_LEAN_AND_MEAN -DBX_CONFIG_DEBUG=0 -D"GRIM_ROOT_DIR=\"D:/G.R.I.M\"" -DWHISPER_USE_CUDA -DGGML_CUDA_ARCH=86 -DH5_BUILT_AS_DYNAMIC_LIB -DGRIM_HAS_OPENCV -DGRIM_HAS_TESSERACT -DGRIM_HAS_ONNXRUNTIME -DGRIM_HAS_PERCEPTION -DTESS_IMPORTS -DUWS_NO_ZLIB -D"CMAKE_INTDIR=\"Release\"" -DGRIM_EXPORTS -Xcompiler "/EHsc /W1 /nologo /O2 /FS   /MD " -Xcompiler "/FdGRIM.dir\Release\vc143.pdb" -o GRIM.dir\Release\grim_transformer_gpu.obj "D:\G.R.I.M\resources\models\GRIM-text\grim_transformer_gpu.cu"" exited with code 1. [D:\G.R.I.M\out\build\GRIM.vcxproj]
